::1 - - [09/Sep/2026 13:34:21] "GET / HTTP/1.1" 200 -
::1 - - [09/Sep/2026 13:42:27] "GET / HTTP/1.1" 200 -
::1 - - [09/Sep/2026 14:09:15] "GET / HTTP/1.1" 200 -
::1 - - [09/Sep/2026 14:09:16] code 404, message File not found
::1 - - [09/Sep/2026 14:09:16] "GET /favicon.ico HTTP/1.1" 404 -
::1 - - [09/Sep/2026 14:16:56] "GET / HTTP/1.1" 200 -
::1 - - [09/Sep/2026 14:16:56] "GET /admin.html HTTP/1.1" 200 -
::1 - - [09/Sep/2026 14:23:31] "GET / HTTP/1.1" 200 -
::1 - - [09/Sep/2026 14:25:20] "GET / HTTP/1.1" 200 -
::1 - - [10/Sep/2026 10:49:51] "GET / HTTP/1.1" 200 -
::1 - - [10/Sep/2026 10:49:51] "GET /assets/padel-hero.mp4 HTTP/1.1" 200 -
::1 - - [10/Sep/2026 10:50:05] "GET / HTTP/1.1" 200 -
::1 - - [10/Sep/2026 10:50:05] "GET /assets/padel-hero.mp4 HTTP/1.1" 200 -
::1 - - [10/Sep/2026 10:50:05] code 404, message File not found
::1 - - [10/Sep/2026 10:50:05] "GET /assets/cancha-panoramica.jpg HTTP/1.1" 404 -
::1 - - [10/Sep/2026 10:50:05] code 404, message File not found
::1 - - [10/Sep/2026 10:50:05] "GET /assets/club-lounge.jpg HTTP/1.1" 404 -
::1 - - [10/Sep/2026 10:53:14] "GET /assets/cancha-panoramica.png HTTP/1.1" 200 -
::1 - - [10/Sep/2026 10:53:14] "GET /assets/club-lounge.jpeg HTTP/1.1" 200 -
::1 - - [10/Sep/2026 10:53:15] "GET / HTTP/1.1" 200 -
::1 - - [10/Sep/2026 10:53:29] "GET / HTTP/1.1" 200 -
::1 - - [10/Sep/2026 10:53:29] "GET /assets/padel-hero.mp4 HTTP/1.1" 304 -
::1 - - [10/Sep/2026 10:53:29] "GET /assets/cancha-panoramica.png HTTP/1.1" 200 -
::1 - - [10/Sep/2026 10:53:29] "GET /assets/club-lounge.jpeg HTTP/1.1" 200 -
::1 - - [10/Sep/2026 11:00:55] "GET /assets/luz.jpeg HTTP/1.1" 200 -
::1 - - [10/Sep/2026 11:00:55] "GET /assets/servicios.jpeg HTTP/1.1" 200 -
::1 - - [10/Sep/2026 11:00:55] "GET / HTTP/1.1" 200 -
::1 - - [10/Sep/2026 11:01:24] "GET / HTTP/1.1" 200 -
::1 - - [10/Sep/2026 11:01:24] "GET /assets/padel-hero.mp4 HTTP/1.1" 304 -
::1 - - [10/Sep/2026 11:01:24] "GET /assets/luz.jpeg HTTP/1.1" 200 -
::1 - - [10/Sep/2026 11:01:24] "GET /assets/cancha-panoramica.png HTTP/1.1" 304 -
::1 - - [10/Sep/2026 11:01:24] "GET /assets/servicios.jpeg HTTP/1.1" 200 -
::1 - - [10/Sep/2026 11:01:24] "GET /assets/club-lounge.jpeg HTTP/1.1" 304 -
::1 - - [10/Sep/2026 11:04:12] "GET / HTTP/1.1" 200 -
::1 - - [10/Sep/2026 11:04:12] "GET /assets/padel-hero.mp4 HTTP/1.1" 200 -
::1 - - [10/Sep/2026 11:04:15] "GET /assets/cancha-panoramica.png HTTP/1.1" 200 -
::1 - - [10/Sep/2026 11:04:15] "GET /assets/servicios.jpeg HTTP/1.1" 200 -
::1 - - [10/Sep/2026 11:04:15] "GET /assets/luz.jpeg HTTP/1.1" 200 -
::1 - - [10/Sep/2026 11:04:15] "GET /assets/club-lounge.jpeg HTTP/1.1" 200 -
::1 - - [10/Sep/2026 11:04:42] "GET / HTTP/1.1" 200 -
::1 - - [10/Sep/2026 11:04:42] "GET /assets/padel-hero.mp4 HTTP/1.1" 200 -
::1 - - [10/Sep/2026 11:04:42] "GET /assets/cancha-panoramica.png HTTP/1.1" 200 -
::1 - - [10/Sep/2026 11:04:42] "GET /assets/luz.jpeg HTTP/1.1" 200 -
::1 - - [10/Sep/2026 11:04:42] "GET /assets/servicios.jpeg HTTP/1.1" 200 -
::1 - - [10/Sep/2026 11:04:42] "GET /assets/club-lounge.jpeg HTTP/1.1" 200 -
::1 - - [10/Sep/2026 11:05:12] "GET / HTTP/1.1" 200 -
::1 - - [10/Sep/2026 11:05:12] "GET /assets/padel-hero.mp4 HTTP/1.1" 200 -
::1 - - [10/Sep/2026 11:05:12] "GET /assets/luz.jpeg HTTP/1.1" 200 -
::1 - - [10/Sep/2026 11:05:12] "GET /assets/cancha-panoramica.png HTTP/1.1" 200 -
::1 - - [10/Sep/2026 11:05:12] "GET /assets/servicios.jpeg HTTP/1.1" 200 -
::1 - - [10/Sep/2026 11:05:12] "GET /assets/club-lounge.jpeg HTTP/1.1" 200 -
::1 - - [10/Sep/2026 11:05:55] "GET /admin.html HTTP/1.1" 200 -
::1 - - [10/Sep/2026 11:06:12] "GET /admin.html HTTP/1.1" 200 -
::1 - - [10/Sep/2026 11:06:13] "GET /admin.html HTTP/1.1" 304 -
::1 - - [10/Sep/2026 11:08:22] "GET /?v=2 HTTP/1.1" 200 -
::1 - - [10/Sep/2026 11:08:23] "GET /assets/club-lounge.jpeg HTTP/1.1" 200 -
::1 - - [10/Sep/2026 11:08:23] "GET /assets/servicios.jpeg HTTP/1.1" 200 -
::1 - - [10/Sep/2026 11:08:23] "GET /assets/cancha-panoramica.png HTTP/1.1" 200 -
::1 - - [10/Sep/2026 11:08:23] "GET /assets/luz.jpeg HTTP/1.1" 200 -
::1 - - [10/Sep/2026 11:08:23] "GET /assets/padel-hero.mp4 HTTP/1.1" 200 -
